========================================
Starting Analysis Update Pipeline
========================================

Stage 1: Downloading new papers from arXiv...
----------------------------------------
/mnt/filestore/walter/lds_projects/arxiv_benchmark_papers/run_update.sh: line 30: uv: command not found
WARNING: Stage 1 (download) failed. Continuing with existing papers...

Stage 2: Running 1st pass analysis...
----------------------------------------
/mnt/filestore/walter/lds_projects/arxiv_benchmark_papers/run_update.sh: line 40: uv: command not found
WARNING: Stage 2 (1st pass) failed. Continuing with existing results...

(Created 2nd pass snapshot for tracking new papers)
Stage 3: Running 2nd pass analysis...
----------------------------------------
/mnt/filestore/walter/lds_projects/arxiv_benchmark_papers/run_update.sh: line 61: uv: command not found
WARNING: Stage 3 (2nd pass) failed. Continuing with existing results...

Stage 4: Running 3rd pass analysis...
----------------------------------------
/mnt/filestore/walter/lds_projects/arxiv_benchmark_papers/run_update.sh: line 71: uv: command not found
WARNING: Stage 4 (3rd pass) failed. Continuing with existing results...

Stage 5: Checking for new papers...
----------------------------------------
No new papers were analyzed in 2nd pass.

========================================
Pipeline Complete (no updates)
========================================
